..F-..F-..F-..F-..F-..F-..F-..F-..F-..F-..F--..F--..F--..F--..F--..F---------..F--..F--..F--..F--..F-----..F----..F--..F--..F-..F-..F-..F--..F--..F-..F-..F-..F--..F--..F--..F---..F-----..F----..F----..F----------..F-------..F------..F------..F-----..F---..F----..
Failed scenarios:
  1) No critical/serious axe violations on / # tests/features/accessibility.feature:12
       When I visit the "/" page # tests/steps/index.steps.ts:24
           page.goto: net::ERR_CONNECTION_REFUSED at http://localhost:4000/
           Call log:
           [2m  - navigating to "http://localhost:4000/", waiting until "load"[22m
               at PlaywrightWorld.<anonymous> (/home/kevthe/Projets/personnel/ktherage.github.io/tests/steps/index.steps.ts:25:19)
  2) No critical/serious axe violations on /blog/ # tests/features/accessibility.feature:13
       When I visit the "/blog/" page # tests/steps/index.steps.ts:24
           page.goto: net::ERR_CONNECTION_REFUSED at http://localhost:4000/blog/
           Call log:
           [2m  - navigating to "http://localhost:4000/blog/", waiting until "load"[22m
               at PlaywrightWorld.<anonymous> (/home/kevthe/Projets/personnel/ktherage.github.io/tests/steps/index.steps.ts:25:19)
  3) No critical/serious axe violations on /about-me/ # tests/features/accessibility.feature:14
       When I visit the "/about-me/" page # tests/steps/index.steps.ts:24
           page.goto: net::ERR_CONNECTION_REFUSED at http://localhost:4000/about-me/
           Call log:
           [2m  - navigating to "http://localhost:4000/about-me/", waiting until "load"[22m
               at PlaywrightWorld.<anonymous> (/home/kevthe/Projets/personnel/ktherage.github.io/tests/steps/index.steps.ts:25:19)
  4) No critical/serious axe violations on /legal/ # tests/features/accessibility.feature:15
       When I visit the "/legal/" page # tests/steps/index.steps.ts:24
           page.goto: net::ERR_CONNECTION_REFUSED at http://localhost:4000/legal/
           Call log:
           [2m  - navigating to "http://localhost:4000/legal/", waiting until "load"[22m
               at PlaywrightWorld.<anonymous> (/home/kevthe/Projets/personnel/ktherage.github.io/tests/steps/index.steps.ts:25:19)
  5) No critical/serious axe violations on /tags/ # tests/features/accessibility.feature:16
       When I visit the "/tags/" page # tests/steps/index.steps.ts:24
           page.goto: net::ERR_CONNECTION_REFUSED at http://localhost:4000/tags/
           Call log:
           [2m  - navigating to "http://localhost:4000/tags/", waiting until "load"[22m
               at PlaywrightWorld.<anonymous> (/home/kevthe/Projets/personnel/ktherage.github.io/tests/steps/index.steps.ts:25:19)
  6) Single main landmark on / # tests/features/accessibility.feature:24
       When I visit the "/" page # tests/steps/index.steps.ts:24
           page.goto: net::ERR_CONNECTION_REFUSED at http://localhost:4000/
           Call log:
           [2m  - navigating to "http://localhost:4000/", waiting until "load"[22m
               at PlaywrightWorld.<anonymous> (/home/kevthe/Projets/personnel/ktherage.github.io/tests/steps/index.steps.ts:25:19)
  7) Single main landmark on /blog/ # tests/features/accessibility.feature:25
       When I visit the "/blog/" page # tests/steps/index.steps.ts:24
           page.goto: net::ERR_CONNECTION_REFUSED at http://localhost:4000/blog/
           Call log:
           [2m  - navigating to "http://localhost:4000/blog/", waiting until "load"[22m
               at PlaywrightWorld.<anonymous> (/home/kevthe/Projets/personnel/ktherage.github.io/tests/steps/index.steps.ts:25:19)
  8) Single main landmark on /about-me/ # tests/features/accessibility.feature:26
       When I visit the "/about-me/" page # tests/steps/index.steps.ts:24
           page.goto: net::ERR_CONNECTION_REFUSED at http://localhost:4000/about-me/
           Call log:
           [2m  - navigating to "http://localhost:4000/about-me/", waiting until "load"[22m
               at PlaywrightWorld.<anonymous> (/home/kevthe/Projets/personnel/ktherage.github.io/tests/steps/index.steps.ts:25:19)
  9) Single main landmark on /legal/ # tests/features/accessibility.feature:27
       When I visit the "/legal/" page # tests/steps/index.steps.ts:24
           page.goto: net::ERR_CONNECTION_REFUSED at http://localhost:4000/legal/
           Call log:
           [2m  - navigating to "http://localhost:4000/legal/", waiting until "load"[22m
               at PlaywrightWorld.<anonymous> (/home/kevthe/Projets/personnel/ktherage.github.io/tests/steps/index.steps.ts:25:19)
  10) Single main landmark on /tags/ # tests/features/accessibility.feature:28
       When I visit the "/tags/" page # tests/steps/index.steps.ts:24
           page.goto: net::ERR_CONNECTION_REFUSED at http://localhost:4000/tags/
           Call log:
           [2m  - navigating to "http://localhost:4000/tags/", waiting until "load"[22m
               at PlaywrightWorld.<anonymous> (/home/kevthe/Projets/personnel/ktherage.github.io/tests/steps/index.steps.ts:25:19)
  11) Landmarks present on / # tests/features/accessibility.feature:37
       When I visit the "/" page # tests/steps/index.steps.ts:24
           page.goto: net::ERR_CONNECTION_REFUSED at http://localhost:4000/
           Call log:
           [2m  - navigating to "http://localhost:4000/", waiting until "load"[22m
               at PlaywrightWorld.<anonymous> (/home/kevthe/Projets/personnel/ktherage.github.io/tests/steps/index.steps.ts:25:19)
  12) Landmarks present on /blog/ # tests/features/accessibility.feature:38
       When I visit the "/blog/" page # tests/steps/index.steps.ts:24
           page.goto: net::ERR_CONNECTION_REFUSED at http://localhost:4000/blog/
           Call log:
           [2m  - navigating to "http://localhost:4000/blog/", waiting until "load"[22m
               at PlaywrightWorld.<anonymous> (/home/kevthe/Projets/personnel/ktherage.github.io/tests/steps/index.steps.ts:25:19)
  13) Landmarks present on /about-me/ # tests/features/accessibility.feature:39
       When I visit the "/about-me/" page # tests/steps/index.steps.ts:24
           page.goto: net::ERR_CONNECTION_REFUSED at http://localhost:4000/about-me/
           Call log:
           [2m  - navigating to "http://localhost:4000/about-me/", waiting until "load"[22m
               at PlaywrightWorld.<anonymous> (/home/kevthe/Projets/personnel/ktherage.github.io/tests/steps/index.steps.ts:25:19)
  14) Landmarks present on /legal/ # tests/features/accessibility.feature:40
       When I visit the "/legal/" page # tests/steps/index.steps.ts:24
           page.goto: net::ERR_CONNECTION_REFUSED at http://localhost:4000/legal/
           Call log:
           [2m  - navigating to "http://localhost:4000/legal/", waiting until "load"[22m
               at PlaywrightWorld.<anonymous> (/home/kevthe/Projets/personnel/ktherage.github.io/tests/steps/index.steps.ts:25:19)
  15) Landmarks present on /tags/ # tests/features/accessibility.feature:41
       When I visit the "/tags/" page # tests/steps/index.steps.ts:24
           page.goto: net::ERR_CONNECTION_REFUSED at http://localhost:4000/tags/
           Call log:
           [2m  - navigating to "http://localhost:4000/tags/", waiting until "load"[22m
               at PlaywrightWorld.<anonymous> (/home/kevthe/Projets/personnel/ktherage.github.io/tests/steps/index.steps.ts:25:19)
  16) No empty href links on any page # tests/features/accessibility.feature:43
       When I visit the "/" page # tests/steps/index.steps.ts:24
           page.goto: net::ERR_CONNECTION_REFUSED at http://localhost:4000/
           Call log:
           [2m  - navigating to "http://localhost:4000/", waiting until "load"[22m
               at PlaywrightWorld.<anonymous> (/home/kevthe/Projets/personnel/ktherage.github.io/tests/steps/index.steps.ts:25:19)
  17) English homepage displays link to French version # tests/features/language-switch.feature:6
       When I visit the homepage # tests/steps/index.steps.ts:20
           page.goto: net::ERR_CONNECTION_REFUSED at http://localhost:4000/
           Call log:
           [2m  - navigating to "http://localhost:4000/", waiting until "load"[22m
               at PlaywrightWorld.<anonymous> (/home/kevthe/Projets/personnel/ktherage.github.io/tests/steps/index.steps.ts:21:19)
  18) English about-me page links to FR about-me # tests/features/language-switch.feature:11
       When I visit the "/about-me/" page # tests/steps/index.steps.ts:24
           page.goto: net::ERR_CONNECTION_REFUSED at http://localhost:4000/about-me/
           Call log:
           [2m  - navigating to "http://localhost:4000/about-me/", waiting until "load"[22m
               at PlaywrightWorld.<anonymous> (/home/kevthe/Projets/personnel/ktherage.github.io/tests/steps/index.steps.ts:25:19)
  19) French homepage displays link to English version # tests/features/language-switch.feature:16
       When I visit the "/fr/" page # tests/steps/index.steps.ts:24
           page.goto: net::ERR_CONNECTION_REFUSED at http://localhost:4000/fr/
           Call log:
           [2m  - navigating to "http://localhost:4000/fr/", waiting until "load"[22m
               at PlaywrightWorld.<anonymous> (/home/kevthe/Projets/personnel/ktherage.github.io/tests/steps/index.steps.ts:25:19)
  20) French about-me page links to EN about-me # tests/features/language-switch.feature:21
       When I visit the "/fr/about-me/" page # tests/steps/index.steps.ts:24
           page.goto: net::ERR_CONNECTION_REFUSED at http://localhost:4000/fr/about-me/
           Call log:
           [2m  - navigating to "http://localhost:4000/fr/about-me/", waiting until "load"[22m
               at PlaywrightWorld.<anonymous> (/home/kevthe/Projets/personnel/ktherage.github.io/tests/steps/index.steps.ts:25:19)
  21) Switching languages updates html lang attribute # tests/features/language-switch.feature:26
       Given I am on the homepage # tests/steps/index.steps.ts:10
           page.goto: net::ERR_CONNECTION_REFUSED at http://localhost:4000/
           Call log:
           [2m  - navigating to "http://localhost:4000/", waiting until "load"[22m
               at PlaywrightWorld.<anonymous> (/home/kevthe/Projets/personnel/ktherage.github.io/tests/steps/index.steps.ts:11:19)
  22) Switching languages preserves page slug # tests/features/language-switch.feature:34
       Given I am on the "/about-me/" page # tests/steps/index.steps.ts:14
           page.goto: net::ERR_CONNECTION_REFUSED at http://localhost:4000/about-me/
           Call log:
           [2m  - navigating to "http://localhost:4000/about-me/", waiting until "load"[22m
               at PlaywrightWorld.<anonymous> (/home/kevthe/Projets/personnel/ktherage.github.io/tests/steps/index.steps.ts:15:19)
  23) Open Source page loads with contribution cards # tests/features/open-source.feature:6
       When I visit the "/open-source/" page # tests/steps/index.steps.ts:24
           page.goto: net::ERR_CONNECTION_REFUSED at http://localhost:4000/open-source/
           Call log:
           [2m  - navigating to "http://localhost:4000/open-source/", waiting until "load"[22m
               at PlaywrightWorld.<anonymous> (/home/kevthe/Projets/personnel/ktherage.github.io/tests/steps/index.steps.ts:25:19)
  24) French Open Source page loads # tests/features/open-source.feature:11
       When I visit the "/fr/open-source/" page # tests/steps/index.steps.ts:24
           page.goto: net::ERR_CONNECTION_REFUSED at http://localhost:4000/fr/open-source/
           Call log:
           [2m  - navigating to "http://localhost:4000/fr/open-source/", waiting until "load"[22m
               at PlaywrightWorld.<anonymous> (/home/kevthe/Projets/personnel/ktherage.github.io/tests/steps/index.steps.ts:25:19)
  25) Contribution cards link to GitHub pull requests # tests/features/open-source.feature:16
       When I visit the "/open-source/" page # tests/steps/index.steps.ts:24
           page.goto: net::ERR_CONNECTION_REFUSED at http://localhost:4000/open-source/
           Call log:
           [2m  - navigating to "http://localhost:4000/open-source/", waiting until "load"[22m
               at PlaywrightWorld.<anonymous> (/home/kevthe/Projets/personnel/ktherage.github.io/tests/steps/index.steps.ts:25:19)
  26) Homepage shows call-to-action linking to Open Source page # tests/features/open-source.feature:20
       When I visit the homepage # tests/steps/index.steps.ts:20
           page.goto: net::ERR_CONNECTION_REFUSED at http://localhost:4000/
           Call log:
           [2m  - navigating to "http://localhost:4000/", waiting until "load"[22m
               at PlaywrightWorld.<anonymous> (/home/kevthe/Projets/personnel/ktherage.github.io/tests/steps/index.steps.ts:21:19)
  27) French homepage shows call-to-action # tests/features/open-source.feature:24
       When I visit the "/fr/" page # tests/steps/index.steps.ts:24
           page.goto: net::ERR_CONNECTION_REFUSED at http://localhost:4000/fr/
           Call log:
           [2m  - navigating to "http://localhost:4000/fr/", waiting until "load"[22m
               at PlaywrightWorld.<anonymous> (/home/kevthe/Projets/personnel/ktherage.github.io/tests/steps/index.steps.ts:25:19)
  28) Homepage loads with correct title and main element # tests/features/smoke.feature:6
       When I visit the homepage # tests/steps/index.steps.ts:20
           page.goto: net::ERR_CONNECTION_REFUSED at http://localhost:4000/
           Call log:
           [2m  - navigating to "http://localhost:4000/", waiting until "load"[22m
               at PlaywrightWorld.<anonymous> (/home/kevthe/Projets/personnel/ktherage.github.io/tests/steps/index.steps.ts:21:19)
  29) Blog page loads with list of articles # tests/features/smoke.feature:11
       When I visit the "/blog/" page # tests/steps/index.steps.ts:24
           page.goto: net::ERR_CONNECTION_REFUSED at http://localhost:4000/blog/
           Call log:
           [2m  - navigating to "http://localhost:4000/blog/", waiting until "load"[22m
               at PlaywrightWorld.<anonymous> (/home/kevthe/Projets/personnel/ktherage.github.io/tests/steps/index.steps.ts:25:19)
  30) Tags page loads # tests/features/smoke.feature:16
       When I visit the "/tags/" page # tests/steps/index.steps.ts:24
           page.goto: net::ERR_CONNECTION_REFUSED at http://localhost:4000/tags/
           Call log:
           [2m  - navigating to "http://localhost:4000/tags/", waiting until "load"[22m
               at PlaywrightWorld.<anonymous> (/home/kevthe/Projets/personnel/ktherage.github.io/tests/steps/index.steps.ts:25:19)
  31) About page loads # tests/features/smoke.feature:20
       When I visit the "/about-me/" page # tests/steps/index.steps.ts:24
           page.goto: net::ERR_CONNECTION_REFUSED at http://localhost:4000/about-me/
           Call log:
           [2m  - navigating to "http://localhost:4000/about-me/", waiting until "load"[22m
               at PlaywrightWorld.<anonymous> (/home/kevthe/Projets/personnel/ktherage.github.io/tests/steps/index.steps.ts:25:19)
  32) Legal page loads # tests/features/smoke.feature:24
       When I visit the "/legal/" page # tests/steps/index.steps.ts:24
           page.goto: net::ERR_CONNECTION_REFUSED at http://localhost:4000/legal/
           Call log:
           [2m  - navigating to "http://localhost:4000/legal/", waiting until "load"[22m
               at PlaywrightWorld.<anonymous> (/home/kevthe/Projets/personnel/ktherage.github.io/tests/steps/index.steps.ts:25:19)
  33) Feed XML returns status 200 with XML content-type # tests/features/smoke.feature:28
       When I request the XML feeds # tests/steps/index.steps.ts:65
           apiRequestContext.get: connect ECONNREFUSED ::1:4000
           Call log:
           [2m  - → GET http://localhost:4000/feed.xml[22m
           [2m    - user-agent: Mozilla/5.0 (X11; Linux x86_64) AppleWebKit/537.36 (KHTML, like Gecko) HeadlessChrome/151.0.7922.34 Safari/537.36[22m
           [2m    - accept: */*[22m
           [2m    - accept-encoding: gzip,deflate,br[22m
               at PlaywrightWorld.<anonymous> (/home/kevthe/Projets/personnel/ktherage.github.io/tests/steps/index.steps.ts:68:41)
  34) Feed JSON returns status 200 with JSON content-type # tests/features/smoke.feature:33
       When I request the JSON feeds # tests/steps/index.steps.ts:73
           apiRequestContext.get: connect ECONNREFUSED ::1:4000
           Call log:
           [2m  - → GET http://localhost:4000/feed.json[22m
           [2m    - user-agent: Mozilla/5.0 (X11; Linux x86_64) AppleWebKit/537.36 (KHTML, like Gecko) HeadlessChrome/151.0.7922.34 Safari/537.36[22m
           [2m    - accept: */*[22m
           [2m    - accept-encoding: gzip,deflate,br[22m
               at PlaywrightWorld.<anonymous> (/home/kevthe/Projets/personnel/ktherage.github.io/tests/steps/index.steps.ts:76:41)
  35) 404 page returns 404 status and shows main element # tests/features/smoke.feature:38
       When I visit a non-existent page # tests/steps/index.steps.ts:28
           page.goto: net::ERR_CONNECTION_REFUSED at http://localhost:4000/this-page-does-not-exist/
           Call log:
           [2m  - navigating to "http://localhost:4000/this-page-does-not-exist/", waiting until "load"[22m
               at PlaywrightWorld.<anonymous> (/home/kevthe/Projets/personnel/ktherage.github.io/tests/steps/index.steps.ts:29:35)
  36) Filter badges are visible on the blog page # tests/features/tag-filter.feature:11
       Given I am on the "/blog/" page # tests/steps/index.steps.ts:14
           page.goto: net::ERR_CONNECTION_REFUSED at http://localhost:4000/blog/
           Call log:
           [2m  - navigating to "http://localhost:4000/blog/", waiting until "load"[22m
               at PlaywrightWorld.<anonymous> (/home/kevthe/Projets/personnel/ktherage.github.io/tests/steps/index.steps.ts:15:19)
  37) "All" badge is active by default # tests/features/tag-filter.feature:14
       Given I am on the "/blog/" page # tests/steps/index.steps.ts:14
           page.goto: net::ERR_CONNECTION_REFUSED at http://localhost:4000/blog/
           Call log:
           [2m  - navigating to "http://localhost:4000/blog/", waiting until "load"[22m
               at PlaywrightWorld.<anonymous> (/home/kevthe/Projets/personnel/ktherage.github.io/tests/steps/index.steps.ts:15:19)
  38) Clicking "All" shows all blog post items # tests/features/tag-filter.feature:19
       Given I am on the "/blog/" page # tests/steps/index.steps.ts:14
           page.goto: net::ERR_CONNECTION_REFUSED at http://localhost:4000/blog/
           Call log:
           [2m  - navigating to "http://localhost:4000/blog/", waiting until "load"[22m
               at PlaywrightWorld.<anonymous> (/home/kevthe/Projets/personnel/ktherage.github.io/tests/steps/index.steps.ts:15:19)
  39) Clicking a specific tag shows only posts with that tag # tests/features/tag-filter.feature:23
       Given I am on the "/blog/" page # tests/steps/index.steps.ts:14
           page.goto: net::ERR_CONNECTION_REFUSED at http://localhost:4000/blog/
           Call log:
           [2m  - navigating to "http://localhost:4000/blog/", waiting until "load"[22m
               at PlaywrightWorld.<anonymous> (/home/kevthe/Projets/personnel/ktherage.github.io/tests/steps/index.steps.ts:15:19)
  40) aria-pressed toggles correctly between badges # tests/features/tag-filter.feature:27
       Given I am on the "/blog/" page # tests/steps/index.steps.ts:14
           page.goto: net::ERR_CONNECTION_REFUSED at http://localhost:4000/blog/
           Call log:
           [2m  - navigating to "http://localhost:4000/blog/", waiting until "load"[22m
               at PlaywrightWorld.<anonymous> (/home/kevthe/Projets/personnel/ktherage.github.io/tests/steps/index.steps.ts:15:19)
  41) Active badge has bg-primary and inactive badges have bg-secondary # tests/features/tag-filter.feature:37
       Given I am on the "/blog/" page # tests/steps/index.steps.ts:14
           page.goto: net::ERR_CONNECTION_REFUSED at http://localhost:4000/blog/
           Call log:
           [2m  - navigating to "http://localhost:4000/blog/", waiting until "load"[22m
               at PlaywrightWorld.<anonymous> (/home/kevthe/Projets/personnel/ktherage.github.io/tests/steps/index.steps.ts:15:19)
  42) Clicking a tag then "All" restores all posts # tests/features/tag-filter.feature:44
       Given I am on the "/blog/" page # tests/steps/index.steps.ts:14
           page.goto: net::ERR_CONNECTION_REFUSED at http://localhost:4000/blog/
           Call log:
           [2m  - navigating to "http://localhost:4000/blog/", waiting until "load"[22m
               at PlaywrightWorld.<anonymous> (/home/kevthe/Projets/personnel/ktherage.github.io/tests/steps/index.steps.ts:15:19)
  43) Click toggles data-bs-theme between dark and light # tests/features/theme-toggle.feature:10
       Given I am on the homepage # tests/steps/index.steps.ts:10
           page.goto: net::ERR_CONNECTION_REFUSED at http://localhost:4000/
           Call log:
           [2m  - navigating to "http://localhost:4000/", waiting until "load"[22m
               at PlaywrightWorld.<anonymous> (/home/kevthe/Projets/personnel/ktherage.github.io/tests/steps/index.steps.ts:11:19)
  44) Icon changes between fa-moon and fa-sun # tests/features/theme-toggle.feature:17
       Given I am on the homepage # tests/steps/index.steps.ts:10
           page.goto: net::ERR_CONNECTION_REFUSED at http://localhost:4000/
           Call log:
           [2m  - navigating to "http://localhost:4000/", waiting until "load"[22m
               at PlaywrightWorld.<anonymous> (/home/kevthe/Projets/personnel/ktherage.github.io/tests/steps/index.steps.ts:11:19)
  45) Persists theme in localStorage # tests/features/theme-toggle.feature:23
       Given I am on the homepage # tests/steps/index.steps.ts:10
           page.goto: net::ERR_CONNECTION_REFUSED at http://localhost:4000/
           Call log:
           [2m  - navigating to "http://localhost:4000/", waiting until "load"[22m
               at PlaywrightWorld.<anonymous> (/home/kevthe/Projets/personnel/ktherage.github.io/tests/steps/index.steps.ts:11:19)
  46) Theme is restored after reload # tests/features/theme-toggle.feature:27
       Given I am on the homepage # tests/steps/index.steps.ts:10
           page.goto: net::ERR_CONNECTION_REFUSED at http://localhost:4000/
           Call log:
           [2m  - navigating to "http://localhost:4000/", waiting until "load"[22m
               at PlaywrightWorld.<anonymous> (/home/kevthe/Projets/personnel/ktherage.github.io/tests/steps/index.steps.ts:11:19)
2 hooks (2 passed)
46 scenarios (46 failed)
261 steps (92 passed, 123 skipped, 46 failed)
0m 9.96s (0m 8.965s executing your code)
Cannot use 'progress-bar' formatter for output to 'stdout' as not a TTY. Switching to 'progress' formatter.
